[    2923ms] [INFO] %cDownload the React DevTools for a better development experience: https://react.dev/link/react-devtools font-weight:bold @ webpack-internal:///(app-pages-browser)/./node_modules/next/dist/next-devtools/shared/forward-logs-shared.js:27
[    3162ms] [LOG] [HMR] connected @ webpack-internal:///(app-pages-browser)/./node_modules/next/dist/next-devtools/shared/forward-logs-shared.js:27
[    6332ms] [WARNING] The resource http://localhost:3000/_next/static/media/0484562807a97172-s.p.woff2?v=1778018184938 was preloaded using link preload but not used within a few seconds from the window's load event. Please make sure it has an appropriate `as` value and it is preloaded intentionally. @ http://localhost:3000/es/contacto:0
[    6332ms] [WARNING] The resource http://localhost:3000/_next/static/media/8888a3826f4a3af4-s.p.woff2?v=1778018184938 was preloaded using link preload but not used within a few seconds from the window's load event. Please make sure it has an appropriate `as` value and it is preloaded intentionally. @ http://localhost:3000/es/contacto:0
[    6332ms] [WARNING] The resource http://localhost:3000/_next/static/media/eafabf029ad39a43-s.p.woff2?v=1778018184938 was preloaded using link preload but not used within a few seconds from the window's load event. Please make sure it has an appropriate `as` value and it is preloaded intentionally. @ http://localhost:3000/es/contacto:0
[    6332ms] [WARNING] The resource http://localhost:3000/_next/static/media/b957ea75a84b6ea7-s.p.woff2?v=1778018184938 was preloaded using link preload but not used within a few seconds from the window's load event. Please make sure it has an appropriate `as` value and it is preloaded intentionally. @ http://localhost:3000/es/contacto:0
[  113060ms] [LOG] [Fast Refresh] rebuilding @ webpack-internal:///(app-pages-browser)/./node_modules/next/dist/next-devtools/shared/forward-logs-shared.js:27
[  114688ms] [LOG] [Fast Refresh] rebuilding @ webpack-internal:///(app-pages-browser)/./node_modules/next/dist/next-devtools/shared/forward-logs-shared.js:27
[  115439ms] [LOG] [Fast Refresh] done in 750ms @ webpack-internal:///(app-pages-browser)/./node_modules/next/dist/next-devtools/shared/forward-logs-shared.js:27
[  116259ms] [LOG] [Fast Refresh] done in 1571ms @ webpack-internal:///(app-pages-browser)/./node_modules/next/dist/next-devtools/shared/forward-logs-shared.js:27
[  119405ms] [WARNING] The resource http://localhost:3000/_next/static/media/0484562807a97172-s.p.woff2?v=1778018184938 was preloaded using link preload but not used within a few seconds from the window's load event. Please make sure it has an appropriate `as` value and it is preloaded intentionally. @ http://localhost:3000/es/contacto:0
[  119405ms] [WARNING] The resource http://localhost:3000/_next/static/media/8888a3826f4a3af4-s.p.woff2?v=1778018184938 was preloaded using link preload but not used within a few seconds from the window's load event. Please make sure it has an appropriate `as` value and it is preloaded intentionally. @ http://localhost:3000/es/contacto:0
[  119406ms] [WARNING] The resource http://localhost:3000/_next/static/css/app/%5Blang%5D/layout.css?v=1778018299813 was preloaded using link preload but not used within a few seconds from the window's load event. Please make sure it has an appropriate `as` value and it is preloaded intentionally. @ http://localhost:3000/es/contacto:0
[  119406ms] [WARNING] The resource http://localhost:3000/_next/static/css/app/layout.css?v=1778018299813 was preloaded using link preload but not used within a few seconds from the window's load event. Please make sure it has an appropriate `as` value and it is preloaded intentionally. @ http://localhost:3000/es/contacto:0
[  119406ms] [WARNING] The resource http://localhost:3000/_next/static/media/eafabf029ad39a43-s.p.woff2?v=1778018184938 was preloaded using link preload but not used within a few seconds from the window's load event. Please make sure it has an appropriate `as` value and it is preloaded intentionally. @ http://localhost:3000/es/contacto:0
[  119406ms] [WARNING] The resource http://localhost:3000/_next/static/media/b957ea75a84b6ea7-s.p.woff2?v=1778018184938 was preloaded using link preload but not used within a few seconds from the window's load event. Please make sure it has an appropriate `as` value and it is preloaded intentionally. @ http://localhost:3000/es/contacto:0
[  268602ms] [LOG] [Fast Refresh] rebuilding @ webpack-internal:///(app-pages-browser)/./node_modules/next/dist/next-devtools/shared/forward-logs-shared.js:27
[  270089ms] [LOG] [Fast Refresh] rebuilding @ webpack-internal:///(app-pages-browser)/./node_modules/next/dist/next-devtools/shared/forward-logs-shared.js:27
[  270754ms] [LOG] [Fast Refresh] done in 664ms @ webpack-internal:///(app-pages-browser)/./node_modules/next/dist/next-devtools/shared/forward-logs-shared.js:27
[  271727ms] [LOG] [Fast Refresh] done in 1637ms @ webpack-internal:///(app-pages-browser)/./node_modules/next/dist/next-devtools/shared/forward-logs-shared.js:27
[  275063ms] [WARNING] The resource http://localhost:3000/_next/static/media/0484562807a97172-s.p.woff2?v=1778018184938 was preloaded using link preload but not used within a few seconds from the window's load event. Please make sure it has an appropriate `as` value and it is preloaded intentionally. @ http://localhost:3000/es/contacto:0
[  275064ms] [WARNING] The resource http://localhost:3000/_next/static/media/8888a3826f4a3af4-s.p.woff2?v=1778018184938 was preloaded using link preload but not used within a few seconds from the window's load event. Please make sure it has an appropriate `as` value and it is preloaded intentionally. @ http://localhost:3000/es/contacto:0
[  275064ms] [WARNING] The resource http://localhost:3000/_next/static/css/app/%5Blang%5D/layout.css?v=1778018299813 was preloaded using link preload but not used within a few seconds from the window's load event. Please make sure it has an appropriate `as` value and it is preloaded intentionally. @ http://localhost:3000/es/contacto:0
[  275064ms] [WARNING] The resource http://localhost:3000/_next/static/css/app/layout.css?v=1778018299813 was preloaded using link preload but not used within a few seconds from the window's load event. Please make sure it has an appropriate `as` value and it is preloaded intentionally. @ http://localhost:3000/es/contacto:0
[  275064ms] [WARNING] The resource http://localhost:3000/_next/static/media/eafabf029ad39a43-s.p.woff2?v=1778018184938 was preloaded using link preload but not used within a few seconds from the window's load event. Please make sure it has an appropriate `as` value and it is preloaded intentionally. @ http://localhost:3000/es/contacto:0
[  275064ms] [WARNING] The resource http://localhost:3000/_next/static/css/app/layout.css?v=1778018455281 was preloaded using link preload but not used within a few seconds from the window's load event. Please make sure it has an appropriate `as` value and it is preloaded intentionally. @ http://localhost:3000/es/contacto:0
[  275064ms] [WARNING] The resource http://localhost:3000/_next/static/media/b957ea75a84b6ea7-s.p.woff2?v=1778018184938 was preloaded using link preload but not used within a few seconds from the window's load event. Please make sure it has an appropriate `as` value and it is preloaded intentionally. @ http://localhost:3000/es/contacto:0
[  275064ms] [WARNING] The resource http://localhost:3000/_next/static/css/app/%5Blang%5D/layout.css?v=1778018455281 was preloaded using link preload but not used within a few seconds from the window's load event. Please make sure it has an appropriate `as` value and it is preloaded intentionally. @ http://localhost:3000/es/contacto:0
[  291403ms] [WARNING] The resource http://localhost:3000/_next/static/media/0484562807a97172-s.p.woff2?v=1778018184938 was preloaded using link preload but not used within a few seconds from the window's load event. Please make sure it has an appropriate `as` value and it is preloaded intentionally. @ http://localhost:3000/es/contacto:0
[  291403ms] [WARNING] The resource http://localhost:3000/_next/static/media/8888a3826f4a3af4-s.p.woff2?v=1778018184938 was preloaded using link preload but not used within a few seconds from the window's load event. Please make sure it has an appropriate `as` value and it is preloaded intentionally. @ http://localhost:3000/es/contacto:0
[  291403ms] [WARNING] The resource http://localhost:3000/_next/static/css/app/%5Blang%5D/layout.css?v=1778018299813 was preloaded using link preload but not used within a few seconds from the window's load event. Please make sure it has an appropriate `as` value and it is preloaded intentionally. @ http://localhost:3000/es/contacto:0
[  291403ms] [WARNING] The resource http://localhost:3000/_next/static/css/app/layout.css?v=1778018299813 was preloaded using link preload but not used within a few seconds from the window's load event. Please make sure it has an appropriate `as` value and it is preloaded intentionally. @ http://localhost:3000/es/contacto:0
[  291405ms] [WARNING] The resource http://localhost:3000/_next/static/media/eafabf029ad39a43-s.p.woff2?v=1778018184938 was preloaded using link preload but not used within a few seconds from the window's load event. Please make sure it has an appropriate `as` value and it is preloaded intentionally. @ http://localhost:3000/es/contacto:0
[  291405ms] [WARNING] The resource http://localhost:3000/_next/static/css/app/layout.css?v=1778018455281 was preloaded using link preload but not used within a few seconds from the window's load event. Please make sure it has an appropriate `as` value and it is preloaded intentionally. @ http://localhost:3000/es/contacto:0
[  291405ms] [WARNING] The resource http://localhost:3000/_next/static/media/b957ea75a84b6ea7-s.p.woff2?v=1778018184938 was preloaded using link preload but not used within a few seconds from the window's load event. Please make sure it has an appropriate `as` value and it is preloaded intentionally. @ http://localhost:3000/es/contacto:0
[  291405ms] [WARNING] The resource http://localhost:3000/_next/static/css/app/%5Blang%5D/layout.css?v=1778018455281 was preloaded using link preload but not used within a few seconds from the window's load event. Please make sure it has an appropriate `as` value and it is preloaded intentionally. @ http://localhost:3000/es/contacto:0
[  413090ms] [LOG] [Fast Refresh] rebuilding @ webpack-internal:///(app-pages-browser)/./node_modules/next/dist/next-devtools/shared/forward-logs-shared.js:27
[  416497ms] [WARNING] The resource http://localhost:3000/_next/static/media/0484562807a97172-s.p.woff2?v=1778018184938 was preloaded using link preload but not used within a few seconds from the window's load event. Please make sure it has an appropriate `as` value and it is preloaded intentionally. @ http://localhost:3000/es/contacto:0
[  419420ms] [WARNING] The resource http://localhost:3000/_next/static/media/8888a3826f4a3af4-s.p.woff2?v=1778018184938 was preloaded using link preload but not used within a few seconds from the window's load event. Please make sure it has an appropriate `as` value and it is preloaded intentionally. @ http://localhost:3000/es/contacto:0
[  419420ms] [WARNING] The resource http://localhost:3000/_next/static/css/app/%5Blang%5D/layout.css?v=1778018299813 was preloaded using link preload but not used within a few seconds from the window's load event. Please make sure it has an appropriate `as` value and it is preloaded intentionally. @ http://localhost:3000/es/contacto:0
[  419420ms] [WARNING] The resource http://localhost:3000/_next/static/css/app/layout.css?v=1778018299813 was preloaded using link preload but not used within a few seconds from the window's load event. Please make sure it has an appropriate `as` value and it is preloaded intentionally. @ http://localhost:3000/es/contacto:0
[  419420ms] [WARNING] The resource http://localhost:3000/_next/static/media/eafabf029ad39a43-s.p.woff2?v=1778018184938 was preloaded using link preload but not used within a few seconds from the window's load event. Please make sure it has an appropriate `as` value and it is preloaded intentionally. @ http://localhost:3000/es/contacto:0
[  419421ms] [WARNING] The resource http://localhost:3000/_next/static/css/app/layout.css?v=1778018455281 was preloaded using link preload but not used within a few seconds from the window's load event. Please make sure it has an appropriate `as` value and it is preloaded intentionally. @ http://localhost:3000/es/contacto:0
[  419421ms] [WARNING] The resource http://localhost:3000/_next/static/media/b957ea75a84b6ea7-s.p.woff2?v=1778018184938 was preloaded using link preload but not used within a few seconds from the window's load event. Please make sure it has an appropriate `as` value and it is preloaded intentionally. @ http://localhost:3000/es/contacto:0
[  419422ms] [WARNING] The resource http://localhost:3000/_next/static/css/app/%5Blang%5D/layout.css?v=1778018455281 was preloaded using link preload but not used within a few seconds from the window's load event. Please make sure it has an appropriate `as` value and it is preloaded intentionally. @ http://localhost:3000/es/contacto:0
[  419519ms] [LOG] [Fast Refresh] done in 6430ms @ webpack-internal:///(app-pages-browser)/./node_modules/next/dist/next-devtools/shared/forward-logs-shared.js:27
[  423668ms] [WARNING] The resource http://localhost:3000/_next/static/media/0484562807a97172-s.p.woff2?v=1778018184938 was preloaded using link preload but not used within a few seconds from the window's load event. Please make sure it has an appropriate `as` value and it is preloaded intentionally. @ http://localhost:3000/es/contacto:0
[  423669ms] [WARNING] The resource http://localhost:3000/_next/static/media/8888a3826f4a3af4-s.p.woff2?v=1778018184938 was preloaded using link preload but not used within a few seconds from the window's load event. Please make sure it has an appropriate `as` value and it is preloaded intentionally. @ http://localhost:3000/es/contacto:0
[  423669ms] [WARNING] The resource http://localhost:3000/_next/static/css/app/%5Blang%5D/layout.css?v=1778018299813 was preloaded using link preload but not used within a few seconds from the window's load event. Please make sure it has an appropriate `as` value and it is preloaded intentionally. @ http://localhost:3000/es/contacto:0
[  423669ms] [WARNING] The resource http://localhost:3000/_next/static/css/app/layout.css?v=1778018299813 was preloaded using link preload but not used within a few seconds from the window's load event. Please make sure it has an appropriate `as` value and it is preloaded intentionally. @ http://localhost:3000/es/contacto:0
[  423670ms] [WARNING] The resource http://localhost:3000/_next/static/media/eafabf029ad39a43-s.p.woff2?v=1778018184938 was preloaded using link preload but not used within a few seconds from the window's load event. Please make sure it has an appropriate `as` value and it is preloaded intentionally. @ http://localhost:3000/es/contacto:0
[  423670ms] [WARNING] The resource http://localhost:3000/_next/static/css/app/layout.css?v=1778018455281 was preloaded using link preload but not used within a few seconds from the window's load event. Please make sure it has an appropriate `as` value and it is preloaded intentionally. @ http://localhost:3000/es/contacto:0
[  423670ms] [WARNING] The resource http://localhost:3000/_next/static/media/b957ea75a84b6ea7-s.p.woff2?v=1778018184938 was preloaded using link preload but not used within a few seconds from the window's load event. Please make sure it has an appropriate `as` value and it is preloaded intentionally. @ http://localhost:3000/es/contacto:0
[  423670ms] [WARNING] The resource http://localhost:3000/_next/static/css/app/%5Blang%5D/layout.css?v=1778018455281 was preloaded using link preload but not used within a few seconds from the window's load event. Please make sure it has an appropriate `as` value and it is preloaded intentionally. @ http://localhost:3000/es/contacto:0
[  424468ms] [LOG] [Fast Refresh] rebuilding @ webpack-internal:///(app-pages-browser)/./node_modules/next/dist/next-devtools/shared/forward-logs-shared.js:27
[  427235ms] [LOG] [Fast Refresh] rebuilding @ webpack-internal:///(app-pages-browser)/./node_modules/next/dist/next-devtools/shared/forward-logs-shared.js:27
[  427251ms] [LOG] [Fast Refresh] done in 16ms @ webpack-internal:///(app-pages-browser)/./node_modules/next/dist/next-devtools/shared/forward-logs-shared.js:27
[  427992ms] [LOG] [Fast Refresh] done in 757ms @ webpack-internal:///(app-pages-browser)/./node_modules/next/dist/next-devtools/shared/forward-logs-shared.js:27
[  431981ms] [WARNING] The resource http://localhost:3000/_next/static/media/0484562807a97172-s.p.woff2?v=1778018184938 was preloaded using link preload but not used within a few seconds from the window's load event. Please make sure it has an appropriate `as` value and it is preloaded intentionally. @ http://localhost:3000/es/contacto:0
[  431982ms] [WARNING] The resource http://localhost:3000/_next/static/media/8888a3826f4a3af4-s.p.woff2?v=1778018184938 was preloaded using link preload but not used within a few seconds from the window's load event. Please make sure it has an appropriate `as` value and it is preloaded intentionally. @ http://localhost:3000/es/contacto:0
[  431982ms] [WARNING] The resource http://localhost:3000/_next/static/css/app/%5Blang%5D/layout.css?v=1778018299813 was preloaded using link preload but not used within a few seconds from the window's load event. Please make sure it has an appropriate `as` value and it is preloaded intentionally. @ http://localhost:3000/es/contacto:0
[  431982ms] [WARNING] The resource http://localhost:3000/_next/static/css/app/layout.css?v=1778018299813 was preloaded using link preload but not used within a few seconds from the window's load event. Please make sure it has an appropriate `as` value and it is preloaded intentionally. @ http://localhost:3000/es/contacto:0
[  431982ms] [WARNING] The resource http://localhost:3000/_next/static/media/eafabf029ad39a43-s.p.woff2?v=1778018184938 was preloaded using link preload but not used within a few seconds from the window's load event. Please make sure it has an appropriate `as` value and it is preloaded intentionally. @ http://localhost:3000/es/contacto:0
[  431982ms] [WARNING] The resource http://localhost:3000/_next/static/css/app/layout.css?v=1778018455281 was preloaded using link preload but not used within a few seconds from the window's load event. Please make sure it has an appropriate `as` value and it is preloaded intentionally. @ http://localhost:3000/es/contacto:0
[  431982ms] [WARNING] The resource http://localhost:3000/_next/static/media/b957ea75a84b6ea7-s.p.woff2?v=1778018184938 was preloaded using link preload but not used within a few seconds from the window's load event. Please make sure it has an appropriate `as` value and it is preloaded intentionally. @ http://localhost:3000/es/contacto:0
[  431982ms] [WARNING] The resource http://localhost:3000/_next/static/css/app/%5Blang%5D/layout.css?v=1778018455281 was preloaded using link preload but not used within a few seconds from the window's load event. Please make sure it has an appropriate `as` value and it is preloaded intentionally. @ http://localhost:3000/es/contacto:0
[  441926ms] [LOG] [Fast Refresh] rebuilding @ webpack-internal:///(app-pages-browser)/./node_modules/next/dist/next-devtools/shared/forward-logs-shared.js:27
[  442452ms] [LOG] [Fast Refresh] rebuilding @ webpack-internal:///(app-pages-browser)/./node_modules/next/dist/next-devtools/shared/forward-logs-shared.js:27
[  442631ms] [LOG] [Fast Refresh] done in 179ms @ webpack-internal:///(app-pages-browser)/./node_modules/next/dist/next-devtools/shared/forward-logs-shared.js:27
[  444577ms] [LOG] [Fast Refresh] done in 2125ms @ webpack-internal:///(app-pages-browser)/./node_modules/next/dist/next-devtools/shared/forward-logs-shared.js:27
[  445468ms] [LOG] [Fast Refresh] rebuilding @ webpack-internal:///(app-pages-browser)/./node_modules/next/dist/next-devtools/shared/forward-logs-shared.js:27
[  446166ms] [LOG] [Fast Refresh] rebuilding @ webpack-internal:///(app-pages-browser)/./node_modules/next/dist/next-devtools/shared/forward-logs-shared.js:27
[  446303ms] [LOG] [Fast Refresh] done in 137ms @ webpack-internal:///(app-pages-browser)/./node_modules/next/dist/next-devtools/shared/forward-logs-shared.js:27
[  448387ms] [LOG] [Fast Refresh] done in 2221ms @ webpack-internal:///(app-pages-browser)/./node_modules/next/dist/next-devtools/shared/forward-logs-shared.js:27
[  451789ms] [WARNING] The resource http://localhost:3000/_next/static/media/0484562807a97172-s.p.woff2?v=1778018184938 was preloaded using link preload but not used within a few seconds from the window's load event. Please make sure it has an appropriate `as` value and it is preloaded intentionally. @ http://localhost:3000/es/contacto:0
[  451789ms] [WARNING] The resource http://localhost:3000/_next/static/media/8888a3826f4a3af4-s.p.woff2?v=1778018184938 was preloaded using link preload but not used within a few seconds from the window's load event. Please make sure it has an appropriate `as` value and it is preloaded intentionally. @ http://localhost:3000/es/contacto:0
[  451789ms] [WARNING] The resource http://localhost:3000/_next/static/css/app/%5Blang%5D/layout.css?v=1778018299813 was preloaded using link preload but not used within a few seconds from the window's load event. Please make sure it has an appropriate `as` value and it is preloaded intentionally. @ http://localhost:3000/es/contacto:0
[  451789ms] [WARNING] The resource http://localhost:3000/_next/static/css/app/layout.css?v=1778018299813 was preloaded using link preload but not used within a few seconds from the window's load event. Please make sure it has an appropriate `as` value and it is preloaded intentionally. @ http://localhost:3000/es/contacto:0
[  451790ms] [WARNING] The resource http://localhost:3000/_next/static/media/eafabf029ad39a43-s.p.woff2?v=1778018184938 was preloaded using link preload but not used within a few seconds from the window's load event. Please make sure it has an appropriate `as` value and it is preloaded intentionally. @ http://localhost:3000/es/contacto:0
[  451790ms] [WARNING] The resource http://localhost:3000/_next/static/css/app/layout.css?v=1778018455281 was preloaded using link preload but not used within a few seconds from the window's load event. Please make sure it has an appropriate `as` value and it is preloaded intentionally. @ http://localhost:3000/es/contacto:0
[  451790ms] [WARNING] The resource http://localhost:3000/_next/static/media/b957ea75a84b6ea7-s.p.woff2?v=1778018184938 was preloaded using link preload but not used within a few seconds from the window's load event. Please make sure it has an appropriate `as` value and it is preloaded intentionally. @ http://localhost:3000/es/contacto:0
[  451790ms] [WARNING] The resource http://localhost:3000/_next/static/css/app/%5Blang%5D/layout.css?v=1778018455281 was preloaded using link preload but not used within a few seconds from the window's load event. Please make sure it has an appropriate `as` value and it is preloaded intentionally. @ http://localhost:3000/es/contacto:0
[  455836ms] [LOG] [Fast Refresh] rebuilding @ webpack-internal:///(app-pages-browser)/./node_modules/next/dist/next-devtools/shared/forward-logs-shared.js:27
[  456705ms] [LOG] [Fast Refresh] rebuilding @ webpack-internal:///(app-pages-browser)/./node_modules/next/dist/next-devtools/shared/forward-logs-shared.js:27
[  457226ms] [LOG] [Fast Refresh] done in 520ms @ webpack-internal:///(app-pages-browser)/./node_modules/next/dist/next-devtools/shared/forward-logs-shared.js:27
[  459306ms] [LOG] [Fast Refresh] done in 2600ms @ webpack-internal:///(app-pages-browser)/./node_modules/next/dist/next-devtools/shared/forward-logs-shared.js:27
[  462645ms] [WARNING] The resource http://localhost:3000/_next/static/media/0484562807a97172-s.p.woff2?v=1778018184938 was preloaded using link preload but not used within a few seconds from the window's load event. Please make sure it has an appropriate `as` value and it is preloaded intentionally. @ http://localhost:3000/es/contacto:0
[  462645ms] [WARNING] The resource http://localhost:3000/_next/static/media/8888a3826f4a3af4-s.p.woff2?v=1778018184938 was preloaded using link preload but not used within a few seconds from the window's load event. Please make sure it has an appropriate `as` value and it is preloaded intentionally. @ http://localhost:3000/es/contacto:0
[  462645ms] [WARNING] The resource http://localhost:3000/_next/static/css/app/%5Blang%5D/layout.css?v=1778018299813 was preloaded using link preload but not used within a few seconds from the window's load event. Please make sure it has an appropriate `as` value and it is preloaded intentionally. @ http://localhost:3000/es/contacto:0
[  462645ms] [WARNING] The resource http://localhost:3000/_next/static/css/app/layout.css?v=1778018299813 was preloaded using link preload but not used within a few seconds from the window's load event. Please make sure it has an appropriate `as` value and it is preloaded intentionally. @ http://localhost:3000/es/contacto:0
[  462645ms] [WARNING] The resource http://localhost:3000/_next/static/media/eafabf029ad39a43-s.p.woff2?v=1778018184938 was preloaded using link preload but not used within a few seconds from the window's load event. Please make sure it has an appropriate `as` value and it is preloaded intentionally. @ http://localhost:3000/es/contacto:0
[  462645ms] [WARNING] The resource http://localhost:3000/_next/static/css/app/layout.css?v=1778018455281 was preloaded using link preload but not used within a few seconds from the window's load event. Please make sure it has an appropriate `as` value and it is preloaded intentionally. @ http://localhost:3000/es/contacto:0
[  462645ms] [WARNING] The resource http://localhost:3000/_next/static/media/b957ea75a84b6ea7-s.p.woff2?v=1778018184938 was preloaded using link preload but not used within a few seconds from the window's load event. Please make sure it has an appropriate `as` value and it is preloaded intentionally. @ http://localhost:3000/es/contacto:0
[  462645ms] [WARNING] The resource http://localhost:3000/_next/static/css/app/%5Blang%5D/layout.css?v=1778018455281 was preloaded using link preload but not used within a few seconds from the window's load event. Please make sure it has an appropriate `as` value and it is preloaded intentionally. @ http://localhost:3000/es/contacto:0
[  471332ms] [WARNING] The resource http://localhost:3000/_next/static/media/0484562807a97172-s.p.woff2?v=1778018184938 was preloaded using link preload but not used within a few seconds from the window's load event. Please make sure it has an appropriate `as` value and it is preloaded intentionally. @ http://localhost:3000/es/contacto:0
[  471332ms] [WARNING] The resource http://localhost:3000/_next/static/media/8888a3826f4a3af4-s.p.woff2?v=1778018184938 was preloaded using link preload but not used within a few seconds from the window's load event. Please make sure it has an appropriate `as` value and it is preloaded intentionally. @ http://localhost:3000/es/contacto:0
[  471332ms] [WARNING] The resource http://localhost:3000/_next/static/css/app/%5Blang%5D/layout.css?v=1778018299813 was preloaded using link preload but not used within a few seconds from the window's load event. Please make sure it has an appropriate `as` value and it is preloaded intentionally. @ http://localhost:3000/es/contacto:0
[  471332ms] [WARNING] The resource http://localhost:3000/_next/static/css/app/layout.css?v=1778018299813 was preloaded using link preload but not used within a few seconds from the window's load event. Please make sure it has an appropriate `as` value and it is preloaded intentionally. @ http://localhost:3000/es/contacto:0
[  471332ms] [WARNING] The resource http://localhost:3000/_next/static/media/eafabf029ad39a43-s.p.woff2?v=1778018184938 was preloaded using link preload but not used within a few seconds from the window's load event. Please make sure it has an appropriate `as` value and it is preloaded intentionally. @ http://localhost:3000/es/contacto:0
[  471332ms] [WARNING] The resource http://localhost:3000/_next/static/css/app/layout.css?v=1778018455281 was preloaded using link preload but not used within a few seconds from the window's load event. Please make sure it has an appropriate `as` value and it is preloaded intentionally. @ http://localhost:3000/es/contacto:0
[  471332ms] [WARNING] The resource http://localhost:3000/_next/static/media/b957ea75a84b6ea7-s.p.woff2?v=1778018184938 was preloaded using link preload but not used within a few seconds from the window's load event. Please make sure it has an appropriate `as` value and it is preloaded intentionally. @ http://localhost:3000/es/contacto:0
[  471332ms] [WARNING] The resource http://localhost:3000/_next/static/css/app/%5Blang%5D/layout.css?v=1778018455281 was preloaded using link preload but not used within a few seconds from the window's load event. Please make sure it has an appropriate `as` value and it is preloaded intentionally. @ http://localhost:3000/es/contacto:0
